------------------------------------------------------------
Timing Analyzer Summary
------------------------------------------------------------

Type  : Slow 1200mV 85C Model Setup 'infrastructure:infrastructure_1|modulo_divider:modulo_divider_1|count[1]'
Slack : -2.576
TNS   : -119.894

Type  : Slow 1200mV 85C Model Setup 'CLOCK_50'
Slack : -1.202
TNS   : -1.202

Type  : Slow 1200mV 85C Model Hold 'infrastructure:infrastructure_1|modulo_divider:modulo_divider_1|count[1]'
Slack : 0.387
TNS   : 0.000

Type  : Slow 1200mV 85C Model Hold 'CLOCK_50'
Slack : 0.407
TNS   : 0.000

Type  : Slow 1200mV 85C Model Recovery 'infrastructure:infrastructure_1|modulo_divider:modulo_divider_1|count[1]'
Slack : -1.152
TNS   : -61.007

Type  : Slow 1200mV 85C Model Removal 'infrastructure:infrastructure_1|modulo_divider:modulo_divider_1|count[1]'
Slack : 1.103
TNS   : 0.000

Type  : Slow 1200mV 85C Model Minimum Pulse Width 'CLOCK_50'
Slack : -3.000
TNS   : -5.570

Type  : Slow 1200mV 85C Model Minimum Pulse Width 'infrastructure:infrastructure_1|modulo_divider:modulo_divider_1|count[1]'
Slack : -1.285
TNS   : -98.945

Type  : Slow 1200mV 0C Model Setup 'infrastructure:infrastructure_1|modulo_divider:modulo_divider_1|count[1]'
Slack : -2.283
TNS   : -103.567

Type  : Slow 1200mV 0C Model Setup 'CLOCK_50'
Slack : -1.000
TNS   : -1.000

Type  : Slow 1200mV 0C Model Hold 'infrastructure:infrastructure_1|modulo_divider:modulo_divider_1|count[1]'
Slack : 0.339
TNS   : 0.000

Type  : Slow 1200mV 0C Model Hold 'CLOCK_50'
Slack : 0.365
TNS   : 0.000

Type  : Slow 1200mV 0C Model Recovery 'infrastructure:infrastructure_1|modulo_divider:modulo_divider_1|count[1]'
Slack : -0.988
TNS   : -49.478

Type  : Slow 1200mV 0C Model Removal 'infrastructure:infrastructure_1|modulo_divider:modulo_divider_1|count[1]'
Slack : 1.010
TNS   : 0.000

Type  : Slow 1200mV 0C Model Minimum Pulse Width 'CLOCK_50'
Slack : -3.000
TNS   : -5.570

Type  : Slow 1200mV 0C Model Minimum Pulse Width 'infrastructure:infrastructure_1|modulo_divider:modulo_divider_1|count[1]'
Slack : -1.285
TNS   : -98.945

Type  : Fast 1200mV 0C Model Setup 'infrastructure:infrastructure_1|modulo_divider:modulo_divider_1|count[1]'
Slack : -0.705
TNS   : -24.320

Type  : Fast 1200mV 0C Model Setup 'CLOCK_50'
Slack : -0.461
TNS   : -0.461

Type  : Fast 1200mV 0C Model Hold 'infrastructure:infrastructure_1|modulo_divider:modulo_divider_1|count[1]'
Slack : 0.174
TNS   : 0.000

Type  : Fast 1200mV 0C Model Hold 'CLOCK_50'
Slack : 0.188
TNS   : 0.000

Type  : Fast 1200mV 0C Model Recovery 'infrastructure:infrastructure_1|modulo_divider:modulo_divider_1|count[1]'
Slack : -0.099
TNS   : -1.875

Type  : Fast 1200mV 0C Model Removal 'infrastructure:infrastructure_1|modulo_divider:modulo_divider_1|count[1]'
Slack : 0.521
TNS   : 0.000

Type  : Fast 1200mV 0C Model Minimum Pulse Width 'CLOCK_50'
Slack : -3.000
TNS   : -5.706

Type  : Fast 1200mV 0C Model Minimum Pulse Width 'infrastructure:infrastructure_1|modulo_divider:modulo_divider_1|count[1]'
Slack : -1.000
TNS   : -77.000

------------------------------------------------------------
