------------------------------------------------------------
Timing Analyzer Summary
------------------------------------------------------------

Type  : Slow 1200mV 85C Model Setup 'infrastructure:infrastructure_1|modulo_divider:modulo_divider_1|count[1]'
Slack : -4.258
TNS   : -441.404

Type  : Slow 1200mV 85C Model Setup 'CLOCK_50'
Slack : -1.354
TNS   : -1.354

Type  : Slow 1200mV 85C Model Hold 'infrastructure:infrastructure_1|modulo_divider:modulo_divider_1|count[1]'
Slack : 0.385
TNS   : 0.000

Type  : Slow 1200mV 85C Model Hold 'CLOCK_50'
Slack : 0.407
TNS   : 0.000

Type  : Slow 1200mV 85C Model Recovery 'infrastructure:infrastructure_1|modulo_divider:modulo_divider_1|count[1]'
Slack : -2.623
TNS   : -358.986

Type  : Slow 1200mV 85C Model Removal 'infrastructure:infrastructure_1|modulo_divider:modulo_divider_1|count[1]'
Slack : 1.778
TNS   : 0.000

Type  : Slow 1200mV 85C Model Minimum Pulse Width 'CLOCK_50'
Slack : -3.000
TNS   : -5.570

Type  : Slow 1200mV 85C Model Minimum Pulse Width 'infrastructure:infrastructure_1|modulo_divider:modulo_divider_1|count[1]'
Slack : -1.285
TNS   : -224.875

Type  : Slow 1200mV 0C Model Setup 'infrastructure:infrastructure_1|modulo_divider:modulo_divider_1|count[1]'
Slack : -3.805
TNS   : -389.213

Type  : Slow 1200mV 0C Model Setup 'CLOCK_50'
Slack : -1.180
TNS   : -1.180

Type  : Slow 1200mV 0C Model Hold 'infrastructure:infrastructure_1|modulo_divider:modulo_divider_1|count[1]'
Slack : 0.338
TNS   : 0.000

Type  : Slow 1200mV 0C Model Hold 'CLOCK_50'
Slack : 0.365
TNS   : 0.000

Type  : Slow 1200mV 0C Model Recovery 'infrastructure:infrastructure_1|modulo_divider:modulo_divider_1|count[1]'
Slack : -2.268
TNS   : -309.063

Type  : Slow 1200mV 0C Model Removal 'infrastructure:infrastructure_1|modulo_divider:modulo_divider_1|count[1]'
Slack : 1.622
TNS   : 0.000

Type  : Slow 1200mV 0C Model Minimum Pulse Width 'CLOCK_50'
Slack : -3.000
TNS   : -5.570

Type  : Slow 1200mV 0C Model Minimum Pulse Width 'infrastructure:infrastructure_1|modulo_divider:modulo_divider_1|count[1]'
Slack : -1.285
TNS   : -224.875

Type  : Fast 1200mV 0C Model Setup 'infrastructure:infrastructure_1|modulo_divider:modulo_divider_1|count[1]'
Slack : -1.657
TNS   : -141.702

Type  : Fast 1200mV 0C Model Setup 'CLOCK_50'
Slack : -0.582
TNS   : -0.582

Type  : Fast 1200mV 0C Model Hold 'infrastructure:infrastructure_1|modulo_divider:modulo_divider_1|count[1]'
Slack : 0.173
TNS   : 0.000

Type  : Fast 1200mV 0C Model Hold 'CLOCK_50'
Slack : 0.188
TNS   : 0.000

Type  : Fast 1200mV 0C Model Recovery 'infrastructure:infrastructure_1|modulo_divider:modulo_divider_1|count[1]'
Slack : -0.926
TNS   : -121.292

Type  : Fast 1200mV 0C Model Removal 'infrastructure:infrastructure_1|modulo_divider:modulo_divider_1|count[1]'
Slack : 0.843
TNS   : 0.000

Type  : Fast 1200mV 0C Model Minimum Pulse Width 'CLOCK_50'
Slack : -3.000
TNS   : -5.706

Type  : Fast 1200mV 0C Model Minimum Pulse Width 'infrastructure:infrastructure_1|modulo_divider:modulo_divider_1|count[1]'
Slack : -1.000
TNS   : -175.000

------------------------------------------------------------
