------------------------------------------------------------
Timing Analyzer Summary
------------------------------------------------------------

Type  : Slow 1200mV 85C Model Setup 'infrastructure:infrastructure_1|modulo_divider:modulo_divider_1|count[1]'
Slack : -2.736
TNS   : -125.615

Type  : Slow 1200mV 85C Model Setup 'CLOCK_50'
Slack : -1.221
TNS   : -1.221

Type  : Slow 1200mV 85C Model Hold 'infrastructure:infrastructure_1|modulo_divider:modulo_divider_1|count[1]'
Slack : 0.387
TNS   : 0.000

Type  : Slow 1200mV 85C Model Hold 'CLOCK_50'
Slack : 0.407
TNS   : 0.000

Type  : Slow 1200mV 85C Model Recovery 'infrastructure:infrastructure_1|modulo_divider:modulo_divider_1|count[1]'
Slack : -1.257
TNS   : -58.589

Type  : Slow 1200mV 85C Model Removal 'infrastructure:infrastructure_1|modulo_divider:modulo_divider_1|count[1]'
Slack : 0.940
TNS   : 0.000

Type  : Slow 1200mV 85C Model Minimum Pulse Width 'CLOCK_50'
Slack : -3.000
TNS   : -5.570

Type  : Slow 1200mV 85C Model Minimum Pulse Width 'infrastructure:infrastructure_1|modulo_divider:modulo_divider_1|count[1]'
Slack : -1.285
TNS   : -98.945

Type  : Slow 1200mV 0C Model Setup 'infrastructure:infrastructure_1|modulo_divider:modulo_divider_1|count[1]'
Slack : -2.432
TNS   : -108.661

Type  : Slow 1200mV 0C Model Setup 'CLOCK_50'
Slack : -1.073
TNS   : -1.073

Type  : Slow 1200mV 0C Model Hold 'infrastructure:infrastructure_1|modulo_divider:modulo_divider_1|count[1]'
Slack : 0.340
TNS   : 0.000

Type  : Slow 1200mV 0C Model Hold 'CLOCK_50'
Slack : 0.364
TNS   : 0.000

Type  : Slow 1200mV 0C Model Recovery 'infrastructure:infrastructure_1|modulo_divider:modulo_divider_1|count[1]'
Slack : -1.071
TNS   : -47.363

Type  : Slow 1200mV 0C Model Removal 'infrastructure:infrastructure_1|modulo_divider:modulo_divider_1|count[1]'
Slack : 0.848
TNS   : 0.000

Type  : Slow 1200mV 0C Model Minimum Pulse Width 'CLOCK_50'
Slack : -3.000
TNS   : -5.570

Type  : Slow 1200mV 0C Model Minimum Pulse Width 'infrastructure:infrastructure_1|modulo_divider:modulo_divider_1|count[1]'
Slack : -1.285
TNS   : -98.945

Type  : Fast 1200mV 0C Model Setup 'infrastructure:infrastructure_1|modulo_divider:modulo_divider_1|count[1]'
Slack : -0.791
TNS   : -27.316

Type  : Fast 1200mV 0C Model Setup 'CLOCK_50'
Slack : -0.496
TNS   : -0.496

Type  : Fast 1200mV 0C Model Hold 'infrastructure:infrastructure_1|modulo_divider:modulo_divider_1|count[1]'
Slack : 0.175
TNS   : 0.000

Type  : Fast 1200mV 0C Model Hold 'CLOCK_50'
Slack : 0.187
TNS   : 0.000

Type  : Fast 1200mV 0C Model Recovery 'infrastructure:infrastructure_1|modulo_divider:modulo_divider_1|count[1]'
Slack : -0.158
TNS   : -1.855

Type  : Fast 1200mV 0C Model Removal 'infrastructure:infrastructure_1|modulo_divider:modulo_divider_1|count[1]'
Slack : 0.458
TNS   : 0.000

Type  : Fast 1200mV 0C Model Minimum Pulse Width 'CLOCK_50'
Slack : -3.000
TNS   : -5.700

Type  : Fast 1200mV 0C Model Minimum Pulse Width 'infrastructure:infrastructure_1|modulo_divider:modulo_divider_1|count[1]'
Slack : -1.000
TNS   : -77.000

------------------------------------------------------------
